// Jest Snapshot v1, https://goo.gl/fbAQLP

exports[`scripts count 1`] = `
"<p>I do not fear computers.</p>
<p>
    Computer Science is no more about computers than astronomy is about
    telescopes.
</p>
<p>The computer was born to solve problems that did not exist before.</p>
"
`;
